original-none-12301 independent event accounting passed
original-a_left-12301 independent event accounting passed
original-a_right-12301 independent event accounting passed
original-a_both-12301 independent event accounting passed
original-equal-12301 independent event accounting passed
original-g60-12301 independent event accounting passed
original-g40-12301 independent event accounting passed
original-none-12302 independent event accounting passed
original-a_left-12302 independent event accounting passed
original-a_right-12302 independent event accounting passed
original-a_both-12302 independent event accounting passed
original-equal-12302 independent event accounting passed
original-g60-12302 independent event accounting passed
original-g40-12302 independent event accounting passed
local_adaptive-none-12301 independent event accounting passed
local_adaptive-a_left-12301 independent event accounting passed
local_adaptive-a_right-12301 independent event accounting passed
local_adaptive-a_both-12301 independent event accounting passed
local_adaptive-equal-12301 independent event accounting passed
local_adaptive-g60-12301 independent event accounting passed
local_adaptive-g40-12301 independent event accounting passed
local_adaptive-none-12302 independent event accounting passed
local_adaptive-a_left-12302 independent event accounting passed
local_adaptive-a_right-12302 independent event accounting passed
local_adaptive-a_both-12302 independent event accounting passed
local_adaptive-equal-12302 independent event accounting passed
local_adaptive-g60-12302 independent event accounting passed
local_adaptive-g40-12302 independent event accounting passed
Independent checks passed: 36288 signed totals; 6720 chunks
