1 / 28 original-none-12301 g error 2.842170943040401e-14
2 / 28 original-a_left-12301 g error 1.4210854715202004e-13
3 / 28 original-a_right-12301 g error 1.1368683772161603e-13
4 / 28 original-a_both-12301 g error 1.7053025658242404e-13
5 / 28 original-equal-12301 g error 1.7053025658242404e-13
6 / 28 original-g60-12301 g error 1.7053025658242404e-13
7 / 28 original-g40-12301 g error 1.7053025658242404e-13
8 / 28 original-none-12302 g error 2.1316282072803006e-14
9 / 28 original-a_left-12302 g error 2.2737367544323206e-13
10 / 28 original-a_right-12302 g error 1.1368683772161603e-13
11 / 28 original-a_both-12302 g error 1.4210854715202004e-13
12 / 28 original-equal-12302 g error 1.7053025658242404e-13
13 / 28 original-g60-12302 g error 1.1368683772161603e-13
14 / 28 original-g40-12302 g error 1.7053025658242404e-13
15 / 28 local_adaptive-none-12301 g error 2.842170943040401e-14
16 / 28 local_adaptive-a_left-12301 g error 3.979039320256561e-13
17 / 28 local_adaptive-a_right-12301 g error 2.2737367544323206e-13
18 / 28 local_adaptive-a_both-12301 g error 1.7053025658242404e-13
19 / 28 local_adaptive-equal-12301 g error 3.979039320256561e-13
20 / 28 local_adaptive-g60-12301 g error 2.8421709430404007e-13
21 / 28 local_adaptive-g40-12301 g error 2.2737367544323206e-13
22 / 28 local_adaptive-none-12302 g error 2.1316282072803006e-14
23 / 28 local_adaptive-a_left-12302 g error 2.8421709430404007e-13
24 / 28 local_adaptive-a_right-12302 g error 3.410605131648481e-13
25 / 28 local_adaptive-a_both-12302 g error 1.9895196601282805e-13
26 / 28 local_adaptive-equal-12302 g error 2.8421709430404007e-13
27 / 28 local_adaptive-g60-12302 g error 3.979039320256561e-13
28 / 28 local_adaptive-g40-12302 g error 5.684341886080801e-13
Completed offline analysis in 517.21 seconds
