original-none-12301 complete 44.7 seconds
original-a_left-12301 complete 49.3 seconds
original-a_right-12301 complete 47.9 seconds
original-a_both-12301 complete 48.4 seconds
original-equal-12301 complete 48.4 seconds
original-g60-12301 complete 48.6 seconds
original-g40-12301 complete 48.8 seconds
local_adaptive-none-12301 complete 49.1 seconds
local_adaptive-a_left-12301 complete 48.8 seconds
Controlled interruption: preserved 60 chunks.
local_adaptive-a_right-12301 complete 48.4 seconds
local_adaptive-a_both-12301 complete 49.3 seconds
local_adaptive-equal-12301 complete 48.7 seconds
local_adaptive-g60-12301 complete 49.0 seconds
local_adaptive-g40-12301 complete 48.6 seconds
original-none-12302 complete 42.6 seconds
original-a_left-12302 complete 46.7 seconds
original-a_right-12302 complete 45.8 seconds
original-a_both-12302 complete 45.9 seconds
original-equal-12302 complete 46.3 seconds
original-g60-12302 complete 46.0 seconds
original-g40-12302 complete 46.5 seconds
local_adaptive-none-12302 complete 48.8 seconds
local_adaptive-a_left-12302 complete 49.5 seconds
local_adaptive-a_right-12302 complete 48.3 seconds
local_adaptive-a_both-12302 complete 48.6 seconds
local_adaptive-equal-12302 complete 48.8 seconds
local_adaptive-g60-12302 complete 48.7 seconds
local_adaptive-g40-12302 complete 48.8 seconds
Directional/gradient validation complete; no controller promotion.
